// Jest Snapshot v1, https://goo.gl/fbAQLP

exports[`should render ErrorComponent correctly 1`] = `
<div
  className="modal"
>
  <div
    className="modalInner"
  >
    Error: Can not open the promotion you requested
  </div>
</div>
`;
