// Jest Snapshot v1, https://goo.gl/fbAQLP

exports[`should render LoaderComponent correctly 1`] = `
<div
  className="modal"
>
  <div
    className="modalInner"
  >
    Loading...
  </div>
</div>
`;
